<html>
<body>
<pre>
<h1>µVision Build Log</h1>
<h2>Tool Versions:</h2>
IDE-Version: ¦ÌVision V5.38.0.0
Copyright (C) 2022 ARM Ltd and ARM Germany GmbH. All rights reserved.
License Information: 1 568567577@qq.com, 1, LIC=TIVNB-27WTK-PC4J8-3HG7C-EQB6C-J70JM
 
Tool Versions:
Toolchain:       MDK-ARM Plus  Version: 5.38.0.0
Toolchain Path:  D:\work\Keil_5\ARM\ARM_Compiler_5.06u7\Bin
C Compiler:      Armcc.exe V5.06 update 7 (build 960)
Assembler:       Armasm.exe V5.06 update 7 (build 960)
Linker/Locator:  ArmLink.exe V5.06 update 7 (build 960)
Library Manager: ArmAr.exe V5.06 update 7 (build 960)
Hex Converter:   FromElf.exe V5.06 update 7 (build 960)
CPU DLL:         SARMCM3.DLL V5.38.0.0
Dialog DLL:      DCM.DLL V1.17.5.0
Target DLL:      STLink\ST-LINKIII-KEIL_SWO.dll V3.1.0.0
Dialog DLL:      TCM.DLL V1.56.4.0
 
<h2>Project:</h2>
E:\LH\stm32f401re\stm32f401re_test.uvprojx
Project File Date:  01/11/2024

<h2>Output:</h2>
*** Using Compiler 'V5.06 update 7 (build 960)', folder: 'D:\work\Keil_5\ARM\ARM_Compiler_5.06u7\Bin'
Build target 'Target 1'
compiling main.c...
.\Start\stm32f4xx.h(11581): warning:  #47-D: incompatible redefinition of macro "DBGMCU_APB2_FZ_DBG_TIM1_STOP"  (declared at line 11574)
  #define  DBGMCU_APB2_FZ_DBG_TIM1_STOP        DBGMCU_APB1_FZ_DBG_TIM1_STOP    
.\Start\stm32f4xx.h(11582): warning:  #47-D: incompatible redefinition of macro "DBGMCU_APB2_FZ_DBG_TIM8_STOP"  (declared at line 11575)
  #define  DBGMCU_APB2_FZ_DBG_TIM8_STOP        DBGMCU_APB1_FZ_DBG_TIM8_STOP
.\Start\stm32f4xx.h(11583): warning:  #47-D: incompatible redefinition of macro "DBGMCU_APB2_FZ_DBG_TIM9_STOP"  (declared at line 11576)
  #define  DBGMCU_APB2_FZ_DBG_TIM9_STOP        DBGMCU_APB1_FZ_DBG_TIM9_STOP
.\Start\stm32f4xx.h(11584): warning:  #47-D: incompatible redefinition of macro "DBGMCU_APB2_FZ_DBG_TIM10_STOP"  (declared at line 11577)
  #define  DBGMCU_APB2_FZ_DBG_TIM10_STOP       DBGMCU_APB1_FZ_DBG_TIM10_STOP
.\Start\stm32f4xx.h(11585): warning:  #47-D: incompatible redefinition of macro "DBGMCU_APB2_FZ_DBG_TIM11_STOP"  (declared at line 11578)
  #define  DBGMCU_APB2_FZ_DBG_TIM11_STOP       DBGMCU_APB1_FZ_DBG_TIM11_STOP
.\Hardware\Receiver.h(4): warning:  #1-D: last line of file ends without a newline
  #endif
.\Hardware\PWM.h(8): warning:  #1-D: last line of file ends without a newline
  #endif 
.\Hardware\Led.h(4): warning:  #1-D: last line of file ends without a newline
  #endif
User\main.c: 8 warnings, 0 errors
compiling HMC5883L.c...
.\Start\stm32f4xx.h(11581): warning:  #47-D: incompatible redefinition of macro "DBGMCU_APB2_FZ_DBG_TIM1_STOP"  (declared at line 11574)
  #define  DBGMCU_APB2_FZ_DBG_TIM1_STOP        DBGMCU_APB1_FZ_DBG_TIM1_STOP    
.\Start\stm32f4xx.h(11582): warning:  #47-D: incompatible redefinition of macro "DBGMCU_APB2_FZ_DBG_TIM8_STOP"  (declared at line 11575)
  #define  DBGMCU_APB2_FZ_DBG_TIM8_STOP        DBGMCU_APB1_FZ_DBG_TIM8_STOP
.\Start\stm32f4xx.h(11583): warning:  #47-D: incompatible redefinition of macro "DBGMCU_APB2_FZ_DBG_TIM9_STOP"  (declared at line 11576)
  #define  DBGMCU_APB2_FZ_DBG_TIM9_STOP        DBGMCU_APB1_FZ_DBG_TIM9_STOP
.\Start\stm32f4xx.h(11584): warning:  #47-D: incompatible redefinition of macro "DBGMCU_APB2_FZ_DBG_TIM10_STOP"  (declared at line 11577)
  #define  DBGMCU_APB2_FZ_DBG_TIM10_STOP       DBGMCU_APB1_FZ_DBG_TIM10_STOP
.\Start\stm32f4xx.h(11585): warning:  #47-D: incompatible redefinition of macro "DBGMCU_APB2_FZ_DBG_TIM11_STOP"  (declared at line 11578)
  #define  DBGMCU_APB2_FZ_DBG_TIM11_STOP       DBGMCU_APB1_FZ_DBG_TIM11_STOP
Hardware\HMC5883L.c(47): warning:  #1-D: last line of file ends without a newline
  }
Hardware\HMC5883L.c: 6 warnings, 0 errors
compiling misc.c...
.\Start\stm32f4xx.h(11581): warning:  #47-D: incompatible redefinition of macro "DBGMCU_APB2_FZ_DBG_TIM1_STOP"  (declared at line 11574)
  #define  DBGMCU_APB2_FZ_DBG_TIM1_STOP        DBGMCU_APB1_FZ_DBG_TIM1_STOP    
.\Start\stm32f4xx.h(11582): warning:  #47-D: incompatible redefinition of macro "DBGMCU_APB2_FZ_DBG_TIM8_STOP"  (declared at line 11575)
  #define  DBGMCU_APB2_FZ_DBG_TIM8_STOP        DBGMCU_APB1_FZ_DBG_TIM8_STOP
.\Start\stm32f4xx.h(11583): warning:  #47-D: incompatible redefinition of macro "DBGMCU_APB2_FZ_DBG_TIM9_STOP"  (declared at line 11576)
  #define  DBGMCU_APB2_FZ_DBG_TIM9_STOP        DBGMCU_APB1_FZ_DBG_TIM9_STOP
.\Start\stm32f4xx.h(11584): warning:  #47-D: incompatible redefinition of macro "DBGMCU_APB2_FZ_DBG_TIM10_STOP"  (declared at line 11577)
  #define  DBGMCU_APB2_FZ_DBG_TIM10_STOP       DBGMCU_APB1_FZ_DBG_TIM10_STOP
.\Start\stm32f4xx.h(11585): warning:  #47-D: incompatible redefinition of macro "DBGMCU_APB2_FZ_DBG_TIM11_STOP"  (declared at line 11578)
  #define  DBGMCU_APB2_FZ_DBG_TIM11_STOP       DBGMCU_APB1_FZ_DBG_TIM11_STOP
Libraries\misc.c: 5 warnings, 0 errors
compiling Receiver.c...
.\Start\stm32f4xx.h(11581): warning:  #47-D: incompatible redefinition of macro "DBGMCU_APB2_FZ_DBG_TIM1_STOP"  (declared at line 11574)
  #define  DBGMCU_APB2_FZ_DBG_TIM1_STOP        DBGMCU_APB1_FZ_DBG_TIM1_STOP    
.\Start\stm32f4xx.h(11582): warning:  #47-D: incompatible redefinition of macro "DBGMCU_APB2_FZ_DBG_TIM8_STOP"  (declared at line 11575)
  #define  DBGMCU_APB2_FZ_DBG_TIM8_STOP        DBGMCU_APB1_FZ_DBG_TIM8_STOP
.\Start\stm32f4xx.h(11583): warning:  #47-D: incompatible redefinition of macro "DBGMCU_APB2_FZ_DBG_TIM9_STOP"  (declared at line 11576)
  #define  DBGMCU_APB2_FZ_DBG_TIM9_STOP        DBGMCU_APB1_FZ_DBG_TIM9_STOP
.\Start\stm32f4xx.h(11584): warning:  #47-D: incompatible redefinition of macro "DBGMCU_APB2_FZ_DBG_TIM10_STOP"  (declared at line 11577)
  #define  DBGMCU_APB2_FZ_DBG_TIM10_STOP       DBGMCU_APB1_FZ_DBG_TIM10_STOP
.\Start\stm32f4xx.h(11585): warning:  #47-D: incompatible redefinition of macro "DBGMCU_APB2_FZ_DBG_TIM11_STOP"  (declared at line 11578)
  #define  DBGMCU_APB2_FZ_DBG_TIM11_STOP       DBGMCU_APB1_FZ_DBG_TIM11_STOP
Hardware\Receiver.c: 5 warnings, 0 errors
compiling MPU6050.c...
.\Start\stm32f4xx.h(11581): warning:  #47-D: incompatible redefinition of macro "DBGMCU_APB2_FZ_DBG_TIM1_STOP"  (declared at line 11574)
  #define  DBGMCU_APB2_FZ_DBG_TIM1_STOP        DBGMCU_APB1_FZ_DBG_TIM1_STOP    
.\Start\stm32f4xx.h(11582): warning:  #47-D: incompatible redefinition of macro "DBGMCU_APB2_FZ_DBG_TIM8_STOP"  (declared at line 11575)
  #define  DBGMCU_APB2_FZ_DBG_TIM8_STOP        DBGMCU_APB1_FZ_DBG_TIM8_STOP
.\Start\stm32f4xx.h(11583): warning:  #47-D: incompatible redefinition of macro "DBGMCU_APB2_FZ_DBG_TIM9_STOP"  (declared at line 11576)
  #define  DBGMCU_APB2_FZ_DBG_TIM9_STOP        DBGMCU_APB1_FZ_DBG_TIM9_STOP
.\Start\stm32f4xx.h(11584): warning:  #47-D: incompatible redefinition of macro "DBGMCU_APB2_FZ_DBG_TIM10_STOP"  (declared at line 11577)
  #define  DBGMCU_APB2_FZ_DBG_TIM10_STOP       DBGMCU_APB1_FZ_DBG_TIM10_STOP
.\Start\stm32f4xx.h(11585): warning:  #47-D: incompatible redefinition of macro "DBGMCU_APB2_FZ_DBG_TIM11_STOP"  (declared at line 11578)
  #define  DBGMCU_APB2_FZ_DBG_TIM11_STOP       DBGMCU_APB1_FZ_DBG_TIM11_STOP
Hardware\MPU6050.c(76): warning:  #1-D: last line of file ends without a newline
  }
Hardware\MPU6050.c: 6 warnings, 0 errors
compiling PWM.c...
.\Start\stm32f4xx.h(11581): warning:  #47-D: incompatible redefinition of macro "DBGMCU_APB2_FZ_DBG_TIM1_STOP"  (declared at line 11574)
  #define  DBGMCU_APB2_FZ_DBG_TIM1_STOP        DBGMCU_APB1_FZ_DBG_TIM1_STOP    
.\Start\stm32f4xx.h(11582): warning:  #47-D: incompatible redefinition of macro "DBGMCU_APB2_FZ_DBG_TIM8_STOP"  (declared at line 11575)
  #define  DBGMCU_APB2_FZ_DBG_TIM8_STOP        DBGMCU_APB1_FZ_DBG_TIM8_STOP
.\Start\stm32f4xx.h(11583): warning:  #47-D: incompatible redefinition of macro "DBGMCU_APB2_FZ_DBG_TIM9_STOP"  (declared at line 11576)
  #define  DBGMCU_APB2_FZ_DBG_TIM9_STOP        DBGMCU_APB1_FZ_DBG_TIM9_STOP
.\Start\stm32f4xx.h(11584): warning:  #47-D: incompatible redefinition of macro "DBGMCU_APB2_FZ_DBG_TIM10_STOP"  (declared at line 11577)
  #define  DBGMCU_APB2_FZ_DBG_TIM10_STOP       DBGMCU_APB1_FZ_DBG_TIM10_STOP
.\Start\stm32f4xx.h(11585): warning:  #47-D: incompatible redefinition of macro "DBGMCU_APB2_FZ_DBG_TIM11_STOP"  (declared at line 11578)
  #define  DBGMCU_APB2_FZ_DBG_TIM11_STOP       DBGMCU_APB1_FZ_DBG_TIM11_STOP
Hardware\PWM.c(69): warning:  #1-D: last line of file ends without a newline
  }
Hardware\PWM.c: 6 warnings, 0 errors
compiling IICBySoftware.c...
.\Start\stm32f4xx.h(11581): warning:  #47-D: incompatible redefinition of macro "DBGMCU_APB2_FZ_DBG_TIM1_STOP"  (declared at line 11574)
  #define  DBGMCU_APB2_FZ_DBG_TIM1_STOP        DBGMCU_APB1_FZ_DBG_TIM1_STOP    
.\Start\stm32f4xx.h(11582): warning:  #47-D: incompatible redefinition of macro "DBGMCU_APB2_FZ_DBG_TIM8_STOP"  (declared at line 11575)
  #define  DBGMCU_APB2_FZ_DBG_TIM8_STOP        DBGMCU_APB1_FZ_DBG_TIM8_STOP
.\Start\stm32f4xx.h(11583): warning:  #47-D: incompatible redefinition of macro "DBGMCU_APB2_FZ_DBG_TIM9_STOP"  (declared at line 11576)
  #define  DBGMCU_APB2_FZ_DBG_TIM9_STOP        DBGMCU_APB1_FZ_DBG_TIM9_STOP
.\Start\stm32f4xx.h(11584): warning:  #47-D: incompatible redefinition of macro "DBGMCU_APB2_FZ_DBG_TIM10_STOP"  (declared at line 11577)
  #define  DBGMCU_APB2_FZ_DBG_TIM10_STOP       DBGMCU_APB1_FZ_DBG_TIM10_STOP
.\Start\stm32f4xx.h(11585): warning:  #47-D: incompatible redefinition of macro "DBGMCU_APB2_FZ_DBG_TIM11_STOP"  (declared at line 11578)
  #define  DBGMCU_APB2_FZ_DBG_TIM11_STOP       DBGMCU_APB1_FZ_DBG_TIM11_STOP
Hardware\IICBySoftware.c(10): warning:  #550-D: variable "GPIO_InitInstructure"  was set but never used
  	GPIO_InitTypeDef GPIO_InitInstructure;
Hardware\IICBySoftware.c: 6 warnings, 0 errors
compiling USART.c...
.\Start\stm32f4xx.h(11581): warning:  #47-D: incompatible redefinition of macro "DBGMCU_APB2_FZ_DBG_TIM1_STOP"  (declared at line 11574)
  #define  DBGMCU_APB2_FZ_DBG_TIM1_STOP        DBGMCU_APB1_FZ_DBG_TIM1_STOP    
.\Start\stm32f4xx.h(11582): warning:  #47-D: incompatible redefinition of macro "DBGMCU_APB2_FZ_DBG_TIM8_STOP"  (declared at line 11575)
  #define  DBGMCU_APB2_FZ_DBG_TIM8_STOP        DBGMCU_APB1_FZ_DBG_TIM8_STOP
.\Start\stm32f4xx.h(11583): warning:  #47-D: incompatible redefinition of macro "DBGMCU_APB2_FZ_DBG_TIM9_STOP"  (declared at line 11576)
  #define  DBGMCU_APB2_FZ_DBG_TIM9_STOP        DBGMCU_APB1_FZ_DBG_TIM9_STOP
.\Start\stm32f4xx.h(11584): warning:  #47-D: incompatible redefinition of macro "DBGMCU_APB2_FZ_DBG_TIM10_STOP"  (declared at line 11577)
  #define  DBGMCU_APB2_FZ_DBG_TIM10_STOP       DBGMCU_APB1_FZ_DBG_TIM10_STOP
.\Start\stm32f4xx.h(11585): warning:  #47-D: incompatible redefinition of macro "DBGMCU_APB2_FZ_DBG_TIM11_STOP"  (declared at line 11578)
  #define  DBGMCU_APB2_FZ_DBG_TIM11_STOP       DBGMCU_APB1_FZ_DBG_TIM11_STOP
Hardware\USART.c(89): warning:  #1-D: last line of file ends without a newline
  }
Hardware\USART.c: 6 warnings, 0 errors
linking...
Program Size: Code=1780 RO-data=436 RW-data=16 ZI-data=1024  
FromELF: creating hex file...
".\Objects\stm32f401re_test.axf" - 0 Error(s), 48 Warning(s).

<h2>Software Packages used:</h2>

Package Vendor: Keil
                https://www.keil.com/pack/Keil.STM32F4xx_DFP.2.17.1.pack
                Keil.STM32F4xx_DFP.2.17.1
                STMicroelectronics STM32F4 Series Device Support, Drivers and Examples

<h2>Collection of Component include folders:</h2>
  D:/work/Keil_5/Keil/STM32F4xx_DFP/2.17.1/Drivers/CMSIS/Device/ST/STM32F4xx/Include

<h2>Collection of Component Files used:</h2>
Build Time Elapsed:  00:00:01
</pre>
</body>
</html>
